[0.004s][warning][gc] -XX:+PrintGCDetails is deprecated. Will use -Xlog:gc* instead.
[0.026s][info   ][gc] Using G1
[0.397s][info   ][gc] GC(0) Pause Young (Normal) (G1 Evacuation Pause) 80M->32M(1024M) 36.569ms
[0.411s][info   ][gc] GC(1) Pause Young (Normal) (G1 Evacuation Pause) 101M->59M(1024M) 2.958ms
[0.422s][info   ][gc] GC(2) Pause Young (Normal) (G1 Evacuation Pause) 123M->79M(1024M) 2.934ms
[0.437s][info   ][gc] GC(3) Pause Young (Normal) (G1 Evacuation Pause) 166M->113M(1024M) 3.849ms
[0.462s][info   ][gc] GC(4) Pause Young (Normal) (G1 Evacuation Pause) 226M->161M(1024M) 7.871ms
[0.498s][info   ][gc] GC(5) Pause Young (Normal) (G1 Evacuation Pause) 348M->226M(1024M) 5.295ms
[0.520s][info   ][gc] GC(6) Pause Young (Normal) (G1 Evacuation Pause) 409M->277M(1024M) 5.638ms
[0.561s][info   ][gc] GC(7) Pause Young (Normal) (G1 Evacuation Pause) 500M->346M(1024M) 6.975ms
[0.597s][info   ][gc] GC(8) Pause Young (Normal) (G1 Evacuation Pause) 608M->426M(1024M) 7.723ms
[0.619s][info   ][gc] GC(9) Pause Young (Concurrent Start) (G1 Humongous Allocation) 584M->468M(1024M) 8.019ms
[0.619s][info   ][gc] GC(10) Concurrent Cycle
[0.623s][info   ][gc] GC(10) Pause Remark 500M->492M(1024M) 0.658ms
[0.624s][info   ][gc] GC(10) Pause Cleanup 498M->498M(1024M) 0.193ms
[0.625s][info   ][gc] GC(10) Concurrent Cycle 5.990ms
[0.663s][info   ][gc] GC(11) Pause Young (Prepare Mixed) (G1 Evacuation Pause) 764M->510M(1024M) 8.930ms
[0.672s][info   ][gc] GC(12) Pause Young (Mixed) (G1 Evacuation Pause) 541M->435M(1024M) 4.899ms
[0.684s][info   ][gc] GC(13) Pause Young (Mixed) (G1 Evacuation Pause) 507M->454M(1024M) 2.754ms
[0.689s][info   ][gc] GC(14) Pause Young (Concurrent Start) (G1 Humongous Allocation) 489M->464M(1024M) 1.991ms
[0.689s][info   ][gc] GC(15) Concurrent Cycle
[0.692s][info   ][gc] GC(15) Pause Remark 495M->493M(1024M) 0.698ms
[0.694s][info   ][gc] GC(15) Pause Cleanup 506M->506M(1024M) 0.203ms
[0.695s][info   ][gc] GC(15) Concurrent Cycle 6.402ms
[0.725s][info   ][gc] GC(16) Pause Young (Prepare Mixed) (G1 Evacuation Pause) 795M->539M(1024M) 8.166ms
[0.734s][info   ][gc] GC(17) Pause Young (Mixed) (G1 Evacuation Pause) 576M->473M(1024M) 4.855ms
[0.736s][info   ][gc] GC(18) Pause Young (Concurrent Start) (G1 Humongous Allocation) 474M->473M(1024M) 1.454ms
[0.736s][info   ][gc] GC(19) Concurrent Cycle
[0.739s][info   ][gc] GC(19) Pause Remark 502M->497M(1024M) 0.517ms
[0.745s][info   ][gc] GC(19) Pause Cleanup 512M->512M(1024M) 0.246ms
[0.746s][info   ][gc] GC(19) Concurrent Cycle 9.725ms
[0.771s][info   ][gc] GC(20) Pause Young (Prepare Mixed) (G1 Evacuation Pause) 758M->545M(1024M) 5.676ms
[0.783s][info   ][gc] GC(21) Pause Young (Mixed) (G1 Evacuation Pause) 593M->491M(1024M) 5.062ms
[0.813s][info   ][gc] GC(22) Pause Young (Concurrent Start) (G1 Evacuation Pause) 785M->566M(1024M) 6.022ms
[0.813s][info   ][gc] GC(23) Concurrent Cycle
[0.816s][info   ][gc] GC(23) Pause Remark 585M->578M(1024M) 0.564ms
[0.818s][info   ][gc] GC(23) Pause Cleanup 587M->587M(1024M) 0.203ms
[0.820s][info   ][gc] GC(23) Concurrent Cycle 6.745ms
[0.845s][info   ][gc] GC(24) Pause Young (Prepare Mixed) (G1 Evacuation Pause) 801M->614M(1024M) 7.217ms
[0.854s][info   ][gc] GC(25) Pause Young (Mixed) (G1 Evacuation Pause) 654M->538M(1024M) 4.779ms
[0.863s][info   ][gc] GC(26) Pause Young (Mixed) (G1 Evacuation Pause) 606M->520M(1024M) 4.291ms
[0.894s][info   ][gc] GC(27) Pause Young (Normal) (G1 Evacuation Pause) 810M->586M(1024M) 6.449ms
[0.897s][info   ][gc] GC(28) Pause Young (Concurrent Start) (G1 Humongous Allocation) 587M->586M(1024M) 2.559ms
[0.897s][info   ][gc] GC(29) Concurrent Cycle
[0.905s][info   ][gc] GC(29) Pause Remark 651M->636M(1024M) 0.615ms
[0.907s][info   ][gc] GC(29) Pause Cleanup 646M->646M(1024M) 0.201ms
[0.908s][info   ][gc] GC(29) Concurrent Cycle 10.209ms
[0.924s][info   ][gc] GC(30) Pause Young (Prepare Mixed) (G1 Evacuation Pause) 795M->624M(1024M) 5.254ms
[0.936s][info   ][gc] GC(31) Pause Young (Mixed) (G1 Evacuation Pause) 667M->554M(1024M) 7.503ms
[0.947s][info   ][gc] GC(32) Pause Young (Mixed) (G1 Evacuation Pause) 629M->528M(1024M) 5.049ms
[0.975s][info   ][gc] GC(33) Pause Young (Normal) (G1 Evacuation Pause) 799M->595M(1024M) 5.678ms
[0.979s][info   ][gc] GC(34) Pause Young (Concurrent Start) (G1 Humongous Allocation) 596M->596M(1024M) 3.124ms
[0.979s][info   ][gc] GC(35) Concurrent Cycle
[0.982s][info   ][gc] GC(35) Pause Remark 615M->608M(1024M) 0.585ms
[0.984s][info   ][gc] GC(35) Pause Cleanup 624M->624M(1024M) 0.203ms
[0.985s][info   ][gc] GC(35) Concurrent Cycle 5.199ms
[1.004s][info   ][gc] GC(36) Pause Young (Prepare Mixed) (G1 Evacuation Pause) 805M->638M(1024M) 4.716ms
[1.014s][info   ][gc] GC(37) Pause Young (Mixed) (G1 Evacuation Pause) 684M->567M(1024M) 5.247ms
[1.024s][info   ][gc] GC(38) Pause Young (Mixed) (G1 Evacuation Pause) 627M->529M(1024M) 4.657ms
[1.052s][info   ][gc] GC(39) Pause Young (Normal) (G1 Evacuation Pause) 788M->580M(1024M) 5.378ms
[1.061s][info   ][gc] GC(40) Pause Young (Concurrent Start) (G1 Humongous Allocation) 600M->585M(1024M) 6.140ms
[1.061s][info   ][gc] GC(41) Concurrent Cycle
[1.064s][info   ][gc] GC(41) Pause Remark 608M->603M(1024M) 0.743ms
[1.066s][info   ][gc] GC(41) Pause Cleanup 612M->612M(1024M) 0.215ms
[1.067s][info   ][gc] GC(41) Concurrent Cycle 5.877ms
[1.086s][info   ][gc] GC(42) Pause Young (Prepare Mixed) (G1 Evacuation Pause) 805M->642M(1024M) 4.998ms
[1.098s][info   ][gc] GC(43) Pause Young (Mixed) (G1 Evacuation Pause) 690M->568M(1024M) 4.487ms
[1.109s][info   ][gc] GC(44) Pause Young (Mixed) (G1 Evacuation Pause) 636M->530M(1024M) 5.548ms
[1.136s][info   ][gc] GC(45) Pause Young (Normal) (G1 Evacuation Pause) 795M->586M(1024M) 6.396ms
[1.140s][info   ][gc] GC(46) Pause Young (Concurrent Start) (G1 Humongous Allocation) 587M->587M(1024M) 2.671ms
[1.140s][info   ][gc] GC(47) Concurrent Cycle
[1.143s][info   ][gc] GC(47) Pause Remark 611M->602M(1024M) 0.581ms
[1.145s][info   ][gc] GC(47) Pause Cleanup 611M->611M(1024M) 0.193ms
[1.145s][info   ][gc] GC(47) Concurrent Cycle 5.240ms
[1.163s][info   ][gc] GC(48) Pause Young (Prepare Mixed) (G1 Evacuation Pause) 776M->628M(1024M) 4.576ms
[1.173s][info   ][gc] GC(49) Pause Young (Mixed) (G1 Evacuation Pause) 693M->565M(1024M) 4.149ms
[1.189s][info   ][gc] GC(50) Pause Young (Mixed) (G1 Evacuation Pause) 641M->537M(1024M) 9.385ms
[1.219s][info   ][gc] GC(51) Pause Young (Normal) (G1 Evacuation Pause) 804M->601M(1024M) 8.407ms
[1.222s][info   ][gc] GC(52) Pause Young (Concurrent Start) (G1 Humongous Allocation) 601M->600M(1024M) 2.312ms
[1.222s][info   ][gc] GC(53) Concurrent Cycle
[1.225s][info   ][gc] GC(53) Pause Remark 623M->614M(1024M) 0.585ms
[1.226s][info   ][gc] GC(53) Pause Cleanup 624M->624M(1024M) 0.194ms
[1.227s][info   ][gc] GC(53) Concurrent Cycle 5.237ms
[1.250s][info   ][gc] GC(54) Pause Young (Prepare Mixed) (G1 Evacuation Pause) 807M->624M(1024M) 9.246ms
[1.259s][info   ][gc] GC(55) Pause Young (Mixed) (G1 Evacuation Pause) 674M->558M(1024M) 4.489ms
[1.270s][info   ][gc] GC(56) Pause Young (Mixed) (G1 Evacuation Pause) 628M->535M(1024M) 4.633ms
[1.297s][info   ][gc] GC(57) Pause Young (Normal) (G1 Evacuation Pause) 804M->597M(1024M) 6.120ms
[1.301s][info   ][gc] GC(58) Pause Young (Concurrent Start) (G1 Humongous Allocation) 599M->598M(1024M) 2.622ms
[1.301s][info   ][gc] GC(59) Concurrent Cycle
[1.304s][info   ][gc] GC(59) Pause Remark 622M->616M(1024M) 0.599ms
[1.306s][info   ][gc] GC(59) Pause Cleanup 623M->623M(1024M) 0.226ms
[1.307s][info   ][gc] GC(59) Concurrent Cycle 5.832ms
